../source/i2c_startup.c:55:6:Delay	24	static
../source/i2c_startup.c:62:6:Init_RGB_LEDs	8	static
../source/i2c_startup.c:79:6:Control_RGB_LEDs	24	static
../source/i2c_startup.c:103:6:i2c_init	8	static
../source/i2c_startup.c:127:6:i2c_busy	8	static
../source/i2c_startup.c:172:6:i2c_wait	16	static
../source/i2c_startup.c:183:6:i2c_start	8	static
../source/i2c_startup.c:191:6:i2c_read_setup	16	static
../source/i2c_startup.c:209:9:i2c_repeated_read	24	static
../source/i2c_startup.c:237:9:i2c_read_byte	32	static
../source/i2c_startup.c:269:6:i2c_write_byte	24	static
../source/i2c_startup.c:289:5:init_mma	8	static
../source/i2c_startup.c:296:6:read_full_xyz	32	static
../source/i2c_startup.c:323:6:read_xyz	8	static
../source/i2c_startup.c:335:6:convert_xyz_to_roll_pitch	40	static
../source/i2c_startup.c:345:5:main	16	static
