../source/i2c_test.c:28:6:init_Buzzer	8	static
../source/i2c_test.c:36:6:init_IR_Sensor	8	static
../source/i2c_test.c:47:6:init_Red_LED	8	static
../source/i2c_test.c:58:6:i2c_init	8	static
../source/i2c_test.c:72:6:i2c_start	8	static
../source/i2c_test.c:79:6:i2c_start_stop	16	static
../source/i2c_test.c:90:6:i2c_send_byte	24	static
../source/i2c_test.c:99:9:i2c_read_byte	16	static
../source/i2c_test.c:109:6:i2c_stop	16	static
../source/i2c_test.c:116:9:zx_read_register	32	static
../source/i2c_test.c:124:6:i2c_repeated_start	8	static
../source/i2c_test.c:128:6:zx_write_register	24	static
../source/i2c_test.c:138:5:main	16	static
